<?xml version="1.0" encoding="utf-8"?><testsuites><testsuite name="pytest" errors="0" failures="0" skipped="0" tests="10" time="0.043" timestamp="2025-07-09T11:13:03.241280+01:00" hostname="Gianpaolo"><testcase classname="test_app_pytest.TestAdd" name="test_add_positive_numbers" time="0.001" /><testcase classname="test_app_pytest.TestAdd" name="test_add_negative_numbers" time="0.001" /><testcase classname="test_app_pytest.TestAdd" name="test_add_mixed_numbers" time="0.000" /><testcase classname="test_app_pytest.TestAdd" name="test_add_zero" time="0.000" /><testcase classname="test_app_pytest.TestAdd" name="test_add_large_numbers" time="0.000" /><testcase classname="test_app_pytest.TestAdd" name="test_add_parametrized[1-2-3]" time="0.001" /><testcase classname="test_app_pytest.TestAdd" name="test_add_parametrized[0-0-0]" time="0.001" /><testcase classname="test_app_pytest.TestAdd" name="test_add_parametrized[-1-1-0]" time="0.001" /><testcase classname="test_app_pytest.TestAdd" name="test_add_parametrized[100--50-50]" time="0.001" /><testcase classname="test_app_pytest.TestAdd" name="test_add_parametrized[2.5-3.5-6.0]" time="0.001" /></testsuite></testsuites>